\BOOKMARK [0][-]{chapter*.1}{\376\377\000P\000r\000o\000j\000e\000c\000t\000\040\000O\000v\000e\000r\000v\000i\000e\000w\000\040\000a\000n\000d\000\040\000B\000u\000s\000i\000n\000e\000s\000s\000\040\000O\000b\000j\000e\000c\000t\000i\000v\000e}{}% 1
\BOOKMARK [0][-]{chapter.1}{\376\377\000D\000r\000i\000v\000e\000\040\000T\000e\000s\000t\000\040\000T\000h\000r\000o\000u\000g\000h\000p\000u\000t\000\040\000A\000n\000o\000m\000a\000l\000y\000\040\000D\000e\000t\000e\000c\000t\000i\000o\000n\000\040\000a\000n\000d\000\040\000P\000r\000i\000o\000r\000i\000t\000i\000z\000a\000t\000i\000o\000n}{}% 2
\BOOKMARK [1][-]{section.1.1}{\376\377\000C\000h\000a\000p\000t\000e\000r\000\040\000S\000c\000o\000p\000e\000\040\000a\000n\000d\000\040\000R\000o\000l\000e\000\040\000w\000i\000t\000h\000i\000n\000\040\000N\000e\000t\000F\000i\000x\000\040\000A\000I}{chapter.1}% 3
\BOOKMARK [1][-]{section.1.2}{\376\377\000D\000a\000t\000a\000\040\000S\000c\000o\000p\000e\000\040\000a\000n\000d\000\040\000M\000o\000d\000e\000l\000i\000n\000g\000\040\000P\000o\000p\000u\000l\000a\000t\000i\000o\000n}{chapter.1}% 4
\BOOKMARK [2][-]{subsection.1.2.1}{\376\377\000S\000e\000s\000s\000i\000o\000n\000\040\000b\000o\000u\000n\000d\000a\000r\000i\000e\000s\000\040\000a\000n\000d\000\040\000l\000e\000a\000k\000a\000g\000e\000\040\000c\000o\000n\000t\000r\000o\000l}{section.1.2}% 5
\BOOKMARK [1][-]{section.1.3}{\376\377\000S\000t\000a\000t\000i\000s\000t\000i\000c\000a\000l\000\040\000D\000e\000t\000e\000c\000t\000i\000o\000n\000\040\000L\000a\000y\000e\000r}{chapter.1}% 6
\BOOKMARK [2][-]{subsection.1.3.1}{\376\377\000L\000o\000w\000-\000l\000e\000v\000e\000l\000\040\000t\000h\000r\000o\000u\000g\000h\000p\000u\000t\000\040\000f\000a\000m\000i\000l\000y}{section.1.3}% 7
\BOOKMARK [2][-]{subsection.1.3.2}{\376\377\000T\000e\000m\000p\000o\000r\000a\000l\000-\000c\000h\000a\000n\000g\000e\000\040\000f\000a\000m\000i\000l\000y}{section.1.3}% 8
\BOOKMARK [2][-]{subsection.1.3.3}{\376\377\000E\000x\000p\000e\000c\000t\000e\000d\000-\000u\000n\000d\000e\000r\000p\000e\000r\000f\000o\000r\000m\000a\000n\000c\000e\000\040\000f\000a\000m\000i\000l\000y}{section.1.3}% 9
\BOOKMARK [2][-]{subsection.1.3.4}{\376\377\000R\000B\000-\000e\000f\000f\000i\000c\000i\000e\000n\000c\000y\000\040\000f\000a\000m\000i\000l\000y}{section.1.3}% 10
\BOOKMARK [1][-]{section.1.4}{\376\377\000S\000t\000a\000n\000d\000a\000l\000o\000n\000e\000\040\000S\000t\000a\000t\000i\000s\000t\000i\000c\000a\000l\000\040\000S\000e\000v\000e\000r\000i\000t\000y\000\040\000S\000c\000o\000r\000e}{chapter.1}% 11
\BOOKMARK [2][-]{subsection.1.4.1}{\376\377\000S\000t\000r\000o\000n\000g\000e\000s\000t\000-\000t\000r\000i\000g\000g\000e\000r\000\040\000f\000l\000o\000o\000r}{section.1.4}% 12
\BOOKMARK [2][-]{subsection.1.4.2}{\376\377\000C\000o\000n\000t\000i\000n\000u\000o\000u\000s\000\040\000m\000a\000g\000n\000i\000t\000u\000d\000e}{section.1.4}% 13
\BOOKMARK [2][-]{subsection.1.4.3}{\376\377\000I\000n\000d\000e\000p\000e\000n\000d\000e\000n\000t\000-\000f\000a\000m\000i\000l\000y\000\040\000a\000n\000d\000\040\000c\000o\000n\000t\000e\000x\000t\000\040\000b\000o\000n\000u\000s\000e\000s}{section.1.4}% 14
\BOOKMARK [2][-]{subsection.1.4.4}{\376\377\000S\000t\000a\000t\000i\000s\000t\000i\000c\000a\000l\000-\000o\000n\000l\000y\000\040\000s\000c\000o\000r\000e\000\040\000d\000i\000s\000t\000r\000i\000b\000u\000t\000i\000o\000n\000\040\000a\000n\000d\000\040\000d\000e\000t\000e\000c\000t\000e\000d\000-\000a\000n\000o\000m\000a\000l\000y\000\040\000c\000o\000n\000t\000e\000x\000t}{section.1.4}% 15
\BOOKMARK [1][-]{section.1.5}{\376\377\000S\000e\000s\000s\000i\000o\000n\000-\000S\000a\000f\000e\000\040\000M\000a\000c\000h\000i\000n\000e\000-\000L\000e\000a\000r\000n\000i\000n\000g\000\040\000E\000v\000i\000d\000e\000n\000c\000e}{chapter.1}% 16
\BOOKMARK [2][-]{subsection.1.5.1}{\376\377\000H\000o\000w\000\040\000t\000h\000e\000\040\000m\000a\000c\000h\000i\000n\000e\000-\000l\000e\000a\000r\000n\000i\000n\000g\000\040\000m\000o\000d\000e\000l\000s\000\040\000w\000o\000r\000k}{section.1.5}% 17
\BOOKMARK [2][-]{subsection.1.5.2}{\376\377\000G\000r\000o\000u\000p\000-\000a\000w\000a\000r\000e\000\040\000o\000u\000t\000-\000o\000f\000-\000f\000o\000l\000d\000\040\000p\000r\000e\000d\000i\000c\000t\000i\000o\000n}{section.1.5}% 18
\BOOKMARK [2][-]{subsection.1.5.3}{\376\377\000P\000e\000r\000-\000m\000o\000d\000e\000l\000\040\000a\000n\000o\000m\000a\000l\000y\000\040\000e\000v\000i\000d\000e\000n\000c\000e}{section.1.5}% 19
\BOOKMARK [1][-]{section.1.6}{\376\377\000R\000o\000w\000-\000L\000e\000v\000e\000l\000\040\000S\000t\000a\000t\000i\000s\000t\000i\000c\000a\000l\040\023\000M\000L\000\040\000F\000u\000s\000i\000o\000n}{chapter.1}% 20
\BOOKMARK [2][-]{subsection.1.6.1}{\376\377\000E\000v\000i\000d\000e\000n\000c\000e\000\040\000c\000o\000n\000f\000i\000d\000e\000n\000c\000e}{section.1.6}% 21
\BOOKMARK [2][-]{subsection.1.6.2}{\376\377\000M\000e\000c\000h\000a\000n\000i\000s\000m\000-\000a\000w\000a\000r\000e\000\040\000i\000m\000p\000a\000c\000t\000\040\000a\000n\000d\000\040\000p\000r\000i\000o\000r\000i\000t\000y}{section.1.6}% 22
\BOOKMARK [1][-]{section.1.7}{\376\377\000E\000p\000i\000s\000o\000d\000e\000\040\000C\000o\000n\000s\000t\000r\000u\000c\000t\000i\000o\000n\000\040\000a\000n\000d\000\040\000P\000e\000r\000s\000i\000s\000t\000e\000n\000c\000e}{chapter.1}% 23
\BOOKMARK [1][-]{section.1.8}{\376\377\000O\000p\000e\000r\000a\000t\000i\000o\000n\000a\000l\000\040\000I\000n\000c\000i\000d\000e\000n\000t\000\040\000C\000o\000n\000s\000o\000l\000i\000d\000a\000t\000i\000o\000n}{chapter.1}% 24
\BOOKMARK [1][-]{section.1.9}{\376\377\000E\000n\000d\000-\000t\000o\000-\000E\000n\000d\000\040\000R\000e\000d\000u\000c\000t\000i\000o\000n\000\040\000a\000n\000d\000\040\000F\000i\000n\000a\000l\000\040\000H\000a\000n\000d\000o\000f\000f}{chapter.1}% 25
\BOOKMARK [1][-]{section.1.10}{\376\377\000R\000e\000p\000r\000e\000s\000e\000n\000t\000a\000t\000i\000v\000e\000\040\000D\000e\000t\000e\000c\000t\000e\000d\000\040\000D\000e\000g\000r\000a\000d\000a\000t\000i\000o\000n}{chapter.1}% 26
\BOOKMARK [1][-]{section.1.11}{\376\377\000S\000e\000r\000v\000i\000n\000g\000-\000C\000e\000l\000l\000\040\000P\000r\000i\000o\000r\000i\000t\000i\000z\000a\000t\000i\000o\000n\000\040\000D\000e\000r\000i\000v\000e\000d\000\040\000f\000r\000o\000m\000\040\000D\000e\000t\000e\000c\000t\000e\000d\000\040\000B\000e\000h\000a\000v\000i\000o\000r}{chapter.1}% 27
\BOOKMARK [1][-]{section.1.12}{\376\377\000V\000a\000l\000i\000d\000a\000t\000i\000o\000n\000,\000\040\000G\000o\000v\000e\000r\000n\000a\000n\000c\000e\000,\000\040\000a\000n\000d\000\040\000L\000i\000m\000i\000t\000a\000t\000i\000o\000n\000s}{chapter.1}% 28
\BOOKMARK [1][-]{section.1.13}{\376\377\000C\000h\000a\000p\000t\000e\000r\000\040\000S\000u\000m\000m\000a\000r\000y}{chapter.1}% 29
\BOOKMARK [0][-]{chapter.2}{\376\377\000R\000o\000o\000t\000\040\000C\000a\000u\000s\000e\000\040\000A\000n\000a\000l\000y\000s\000i\000s}{}% 30
\BOOKMARK [0][-]{chapter.3}{\376\377\000P\000l\000a\000n\000n\000i\000n\000g\000\040\000I\000n\000t\000e\000l\000l\000i\000g\000e\000n\000c\000e}{}% 31
\BOOKMARK [1][-]{section.3.1}{\376\377\000O\000v\000e\000r\000v\000i\000e\000w\000\040\000a\000n\000d\000\040\000S\000c\000o\000p\000e}{chapter.3}% 32
\BOOKMARK [2][-]{subsection.3.1.1}{\376\377\000T\000h\000e\000\040\000T\000h\000r\000e\000e\000\040\000A\000s\000s\000i\000g\000n\000e\000d\000\040\000P\000a\000r\000a\000m\000e\000t\000e\000r\000s}{section.3.1}% 33
\BOOKMARK [2][-]{subsection.3.1.2}{\376\377\000A\000r\000c\000h\000i\000t\000e\000c\000t\000u\000r\000e\000\040\000P\000i\000v\000o\000t\000:\000\040\000F\000u\000l\000l\000\040\000R\000e\000s\000e\000t\000\040\000v\000s\000.\000\040\000I\000n\000c\000r\000e\000m\000e\000n\000t\000a\000l\000\040\000P\000l\000a\000n\000n\000i\000n\000g}{section.3.1}% 34
\BOOKMARK [1][-]{section.3.2}{\376\377\000S\000y\000s\000t\000e\000m\000\040\000A\000r\000c\000h\000i\000t\000e\000c\000t\000u\000r\000e}{chapter.3}% 35
\BOOKMARK [2][-]{subsection.3.2.1}{\376\377\000W\000h\000y\000\040\000R\000e\000g\000i\000o\000n\000s\000\040\000C\000a\000n\000\040\000B\000e\000\040\000P\000l\000a\000n\000n\000e\000d\000\040\000I\000n\000d\000e\000p\000e\000n\000d\000e\000n\000t\000l\000y}{section.3.2}% 36
\BOOKMARK [1][-]{section.3.3}{\376\377\000P\000i\000p\000e\000l\000i\000n\000e\000\040\000S\000t\000a\000g\000e\000s\000\040\000i\000n\000\040\000D\000e\000t\000a\000i\000l}{chapter.3}% 37
\BOOKMARK [2][-]{subsection.3.3.1}{\376\377\000S\000t\000a\000g\000e\000\040\0001\000:\000\040\000D\000a\000t\000a\000\040\000L\000o\000a\000d\000i\000n\000g}{section.3.3}% 38
\BOOKMARK [2][-]{subsection.3.3.2}{\376\377\000S\000t\000a\000g\000e\000\040\0002\000:\000\040\000N\000e\000i\000g\000h\000b\000o\000r\000\040\000G\000r\000a\000p\000h\000\040\000C\000o\000n\000s\000t\000r\000u\000c\000t\000i\000o\000n}{section.3.3}% 39
\BOOKMARK [2][-]{subsection.3.3.3}{\376\377\000S\000t\000a\000g\000e\000\040\0003\000:\000\040\000G\000e\000o\000m\000e\000t\000r\000y\000\040\000E\000n\000g\000i\000n\000e}{section.3.3}% 40
\BOOKMARK [2][-]{subsection.3.3.4}{\376\377\000S\000t\000a\000g\000e\000\040\0004\000:\000\040\000C\000o\000n\000s\000t\000r\000a\000i\000n\000t\000\040\000G\000e\000n\000e\000r\000a\000t\000i\000o\000n}{section.3.3}% 41
\BOOKMARK [1][-]{section.3.4}{\376\377\000S\000t\000a\000g\000e\000\040\0005\000:\000\040\000T\000h\000e\000\040\000A\000s\000s\000i\000g\000n\000m\000e\000n\000t\000\040\000E\000n\000g\000i\000n\000e}{chapter.3}% 42
\BOOKMARK [2][-]{subsection.3.4.1}{\376\377\000S\000u\000b\000-\000s\000t\000a\000g\000e\000\040\0005\000.\0001\000:\000\040\000M\000o\000d\0004\000\040\000A\000s\000s\000i\000g\000n\000m\000e\000n\000t}{section.3.4}% 43
\BOOKMARK [2][-]{subsection.3.4.2}{\376\377\000S\000u\000b\000-\000s\000t\000a\000g\000e\000\040\0005\000.\0002\000:\000\040\000P\000C\000I\000\040\000A\000s\000s\000i\000g\000n\000m\000e\000n\000t}{section.3.4}% 44
\BOOKMARK [2][-]{subsection.3.4.3}{\376\377\000S\000u\000b\000-\000s\000t\000a\000g\000e\000\040\0005\000.\0003\000:\000\040\000R\000S\000I\000\040\000A\000s\000s\000i\000g\000n\000m\000e\000n\000t}{section.3.4}% 45
\BOOKMARK [1][-]{section.3.5}{\376\377\000S\000t\000a\000g\000e\000\040\0006\000:\000\040\000I\000n\000d\000e\000p\000e\000n\000d\000e\000n\000t\000\040\000V\000a\000l\000i\000d\000a\000t\000i\000o\000n}{chapter.3}% 46
\BOOKMARK [1][-]{section.3.6}{\376\377\000S\000t\000a\000g\000e\000\040\0007\000:\000\040\000E\000x\000p\000o\000r\000t}{chapter.3}% 47
\BOOKMARK [1][-]{section.3.7}{\376\377\000P\000l\000a\000n\000n\000i\000n\000g\000\040\000M\000o\000d\000e\000s}{chapter.3}% 48
\BOOKMARK [1][-]{section.3.8}{\376\377\000H\000a\000r\000d\000\040\000R\000u\000l\000e\000s\000\040\000R\000e\000f\000e\000r\000e\000n\000c\000e}{chapter.3}% 49
\BOOKMARK [1][-]{section.3.9}{\376\377\000S\000o\000f\000t\000\040\000R\000u\000l\000e\000s\000\040\000R\000e\000f\000e\000r\000e\000n\000c\000e}{chapter.3}% 50
\BOOKMARK [1][-]{section.3.10}{\376\377\000M\000e\000a\000s\000u\000r\000e\000d\000\040\000R\000e\000s\000u\000l\000t\000s\000\040\000a\000n\000d\000\040\000P\000e\000r\000f\000o\000r\000m\000a\000n\000c\000e}{chapter.3}% 51
\BOOKMARK [2][-]{subsection.3.10.1}{\376\377\000R\000u\000n\000t\000i\000m\000e\000\040\000B\000e\000n\000c\000h\000m\000a\000r\000k\000s}{section.3.10}% 52
\BOOKMARK [1][-]{section.3.11}{\376\377\000C\000h\000a\000p\000t\000e\000r\000\040\000S\000u\000m\000m\000a\000r\000y}{chapter.3}% 53
\BOOKMARK [0][-]{chapter.4}{\376\377\000S\000y\000s\000t\000e\000m\000\040\000I\000n\000t\000e\000g\000r\000a\000t\000i\000o\000n\000\040\000a\000n\000d\000\040\000P\000l\000a\000t\000f\000o\000r\000m\000\040\000D\000e\000s\000i\000g\000n}{}% 54
\BOOKMARK [1][-]{section.4.1}{\376\377\000C\000h\000a\000p\000t\000e\000r\000\040\000S\000c\000o\000p\000e\000\040\000a\000n\000d\000\040\000I\000n\000t\000e\000g\000r\000a\000t\000i\000o\000n\000\040\000O\000b\000j\000e\000c\000t\000i\000v\000e}{chapter.4}% 55
\BOOKMARK [1][-]{section.4.2}{\376\377\000P\000l\000a\000t\000f\000o\000r\000m\000\040\000A\000r\000c\000h\000i\000t\000e\000c\000t\000u\000r\000e}{chapter.4}% 56
\BOOKMARK [2][-]{subsection.4.2.1}{\376\377\000L\000o\000g\000i\000c\000a\000l\000\040\000L\000a\000y\000e\000r\000s}{section.4.2}% 57
\BOOKMARK [2][-]{subsection.4.2.2}{\376\377\000M\000o\000d\000u\000l\000e\000\040\000I\000n\000t\000e\000r\000f\000a\000c\000e\000\040\000C\000o\000n\000t\000r\000a\000c\000t\000s}{section.4.2}% 58
\BOOKMARK [1][-]{section.4.3}{\376\377\000D\000r\000i\000v\000e\000-\000T\000e\000s\000t\000\040\000W\000o\000r\000k\000s\000p\000a\000c\000e\000\040\000I\000n\000t\000e\000g\000r\000a\000t\000i\000o\000n}{chapter.4}% 59
\BOOKMARK [2][-]{subsection.4.3.1}{\376\377\000S\000e\000s\000s\000i\000o\000n\000-\000O\000r\000i\000e\000n\000t\000e\000d\000\040\000E\000x\000e\000c\000u\000t\000i\000o\000n}{section.4.3}% 60
\BOOKMARK [2][-]{subsection.4.3.2}{\376\377\000D\000a\000s\000h\000b\000o\000a\000r\000d\000\040\000a\000n\000d\000\040\000B\000a\000c\000k\000e\000n\000d\000-\000F\000i\000g\000u\000r\000e\000\040\000I\000n\000s\000p\000e\000c\000t\000i\000o\000n}{section.4.3}% 61
\BOOKMARK [2][-]{subsection.4.3.3}{\376\377\000D\000a\000t\000a\000s\000e\000t\000\040\000U\000p\000l\000o\000a\000d\000\040\000a\000n\000d\000\040\000P\000i\000p\000e\000l\000i\000n\000e\000\040\000P\000r\000o\000g\000r\000e\000s\000s}{section.4.3}% 62
\BOOKMARK [1][-]{section.4.4}{\376\377\000R\000C\000A\000\040\000E\000v\000i\000d\000e\000n\000c\000e\000\040\000a\000n\000d\000\040\000E\000n\000g\000i\000n\000e\000e\000r\000\040\000D\000e\000c\000i\000s\000i\000o\000n\000\040\000S\000u\000p\000p\000o\000r\000t}{chapter.4}% 63
\BOOKMARK [1][-]{section.4.5}{\376\377\000S\000p\000a\000t\000i\000a\000l\000\040\000C\000o\000n\000t\000e\000x\000t\000\040\000a\000n\000d\000\040\000I\000n\000t\000e\000r\000a\000c\000t\000i\000v\000e\000\040\000M\000a\000p}{chapter.4}% 64
\BOOKMARK [1][-]{section.4.6}{\376\377\000A\000I\000\040\000A\000s\000s\000i\000s\000t\000a\000n\000t\000\040\000a\000n\000d\000\040\000R\000e\000p\000o\000r\000t\000\040\000G\000e\000n\000e\000r\000a\000t\000i\000o\000n}{chapter.4}% 65
\BOOKMARK [1][-]{section.4.7}{\376\377\000P\000l\000a\000n\000n\000i\000n\000g\000\040\000I\000n\000t\000e\000l\000l\000i\000g\000e\000n\000c\000e\000\040\000I\000n\000t\000e\000g\000r\000a\000t\000i\000o\000n}{chapter.4}% 66
\BOOKMARK [1][-]{section.4.8}{\376\377\000R\000o\000l\000e\000-\000B\000a\000s\000e\000d\000\040\000W\000o\000r\000k\000s\000p\000a\000c\000e\000\040\000R\000o\000u\000t\000i\000n\000g\000\040\000a\000n\000d\000\040\000N\000a\000v\000i\000g\000a\000t\000i\000o\000n}{chapter.4}% 67
\BOOKMARK [1][-]{section.4.9}{\376\377\000A\000u\000d\000i\000t\000a\000b\000i\000l\000i\000t\000y\000,\000\040\000R\000e\000p\000r\000o\000d\000u\000c\000i\000b\000i\000l\000i\000t\000y\000,\000\040\000a\000n\000d\000\040\000O\000p\000e\000r\000a\000t\000i\000o\000n\000a\000l\000\040\000S\000a\000f\000e\000g\000u\000a\000r\000d\000s}{chapter.4}% 68
\BOOKMARK [1][-]{section.4.10}{\376\377\000C\000h\000a\000p\000t\000e\000r\000\040\000S\000u\000m\000m\000a\000r\000y}{chapter.4}% 69
